{
  "igvHost": "http://localhost:60151",
  "samples": [
    {
      "id": "TestSample",
      "bamDir": "/tmp/bamDir/",
      "bamFilename": "TestSample.bam",
      "vcfDir": "/tmp/vcfDir/",
      "vcfFilename": "TestSample.vcf.gz",
      "maternalVcfDir": null,
      "maternalVcfFilename": null,
      "variantSearches": [
        {
          "name": "Preset Filter 1",
          "description": "Filter 1 description",
          "custom": false,
          "filterConfig": {
            "posRange": [200, 16300],
            "allele": "A/C",
            "selectedTypes": ["SNP", "INS", "DEL"],
            "selectedConsequences": [],
            "vafRange": [0.00001, 0.1]
          }
        },
        {
          "name": "Preset Filter 2",
          "description": "Filter 2 description",
          "custom": false,
          "filterConfig": {
            "posRange": [0, 16500],
            "selectedTypes": ["SNP", "DEL"],
            "selectedConsequences": [],
            "vafRange": [0.00001, 0.05],
            "depthRange": [500, 12000]
          }
        },
        {
          "name": "Custom Filter 1",
          "description": "Custom 1 description",
          "custom": true,
          "filterConfig": {
            "posRange": [0, 16500],
            "selectedTypes": ["SNP", "DEL"],
            "selectedConsequences": [],
            "vafRange": [0.00001, 0.05],
            "depthRange": [500, 12000]
          }
        },
        {
          "name": "Custom Filter 2",
          "description": "Custom 2 description",
          "custom": true,
          "filterConfig": {
            "posRange": [200, 16300],
            "allele": "A/C",
            "selectedTypes": ["SNP", "INS", "DEL"],
            "selectedConsequences": [],
            "vafRange": [0.00001, 0.1]
          }
        },
        {
          "name": "Local Filter 2",
          "description": "Local 2 description",
          "custom": true,
          "filterConfig": {
            "posRange": [200, 16300],
            "allele": "A/C",
            "selectedTypes": ["SNP", "INS", "DEL"],
            "selectedConsequences": [],
            "vafRange": [0.00001, 0.1]
          }
        }
      ]
    },
    {
      "id": "TestSample2",
      "bamDir": "/tmp/bamDir/",
      "bamFilename": "TestSample2.bam",
      "vcfDir": "/tmp/vcfDir/",
      "vcfFilename": "TestSample2.vcf.gz",
      "maternalVcfDir": null,
      "maternalVcfFilename": null,
      "variantSearches": [
        {
          "name": "Custom Filter 1",
          "description": "Custom 1 description",
          "custom": true,
          "filterConfig": {
            "posRange": [0, 16500],
            "selectedTypes": ["SNP", "DEL"],
            "selectedConsequences": [],
            "vafRange": [0.00001, 0.05],
            "depthRange": [500, 12000]
          }
        },
        {
          "name": "Custom Filter 2",
          "description": "Custom 2 description",
          "custom": true,
          "filterConfig": {
            "posRange": [200, 16300],
            "allele": "A/C",
            "selectedTypes": ["SNP", "INS", "DEL"],
            "selectedConsequences": [],
            "vafRange": [0.00001, 0.1]
          }
        }
      ]
    }
  ]
}
