[
    {
        "mitoMapHost": "https://mitomap.org",
        "compactAllele": "G577A",
        "position": 577,
        "codonPosition": "-",
        "curatedRefsCount": 1,
        "altAllele": "A",
        "gbFreqPct": 0.000,
        "codonNumber": "-",
        "regionType": "CODING",
        "gbFreqStr": "0.000%",
        "alleleChange": "G-A",
        "curatedRefsAnchor": "<a href='/cgi-bin/print_ref_list?refs=10433&title=Coding+Polymorphism+G-A+at+577' target='_blank'>1</a>",
        "gbSeqsAnchor": "0",
        "positionStr": "577",
        "curatedRefsUrl": "https://mitomap.org/cgi-bin/print_ref_list?refs=10433&title=Coding+Polymorphism+G-A+at+577",
        "refAllele": "G",
        "locusAnchor": "<a href='/MITOMAP/GenomeLoci#MTTF'>MT-TF</a>",
        "aminoAcidChange": "tRNA",
        "locus": "MT-TF"
    },
    {
        "mitoMapHost": "https://mitomap.org",
        "compactAllele": "G16023T",
        "position": 16023,
        "codonPosition": "-",
        "curatedRefsCount": 1,
        "altAllele": "T",
        "gbFreqPct": 0.010,
        "codonNumber": "-",
        "regionType": "CODING",
        "gbFreqStr": "<span style='white-space:nowrap;'><a href='/haploinfo_genbank/A15951G.html' target=_blank>0.010%</a>&nbsp;<img src='/images/flag.png'></span>",
        "alleleChange": "G-T",
        "curatedRefsAnchor": "<a href='/cgi-bin/print_ref_list?refs=91704&title=Coding+Polymorphism+G-T+at+16023' target='_blank'>1</a>",
        "gbSeqsAnchor": "<a href='/cgi-bin/index_mitomap.cgi?title=Coding+Polymorphism+G-T+at+rCRS+position+16023&pos=16023&ref=G&alt=T&purge_type=' target='_blank'>5</a>",
        "positionStr": "16023",
        "curatedRefsUrl": "https://mitomap.org/cgi-bin/print_ref_list?refs=91704&title=Coding+Polymorphism+G-T+at+16023",
        "refAllele": "G",
        "locusAnchor": "<a href='/MITOMAP/GenomeLoci#MTTP'>MT-TP</a>",
        "aminoAcidChange": "tRNA",
        "locus": "MT-TP"
    },
    {
        "mitoMapHost": "https://mitomap.org",
        "compactAllele": "T152C",
        "position": 152,
        "codonPosition": null,
        "curatedRefsCount": 121,
        "altAllele": "C",
        "gbFreqPct": 17.494,
        "codonNumber": null,
        "regionType": "CONTROL",
        "gbFreqStr": "<span style='white-space:nowrap;'><a href='/haploinfo_genbank/T152C.html' target=_blank>25.942%</a>&nbsp;<img src='/images/flag.png'></span><br><span style='white-space:nowrap;'>(<a href='/haploinfo_gbcontrol/T152C.html' target=_blank>17.494%</a>)&nbsp;<img src='/images/flag.png'></span>",
        "alleleChange": "T-C",
        "curatedRefsAnchor": "<a href='/cgi-bin/print_ref_list?refs=1986,4,140,233,414,394,521,572,911,924,928,968,989,1739,2285,2882,3082,3311,3314,3502,3690,3779,3922,4022,4946,5348,6221,6169,6421,6432,6623,6687,8200,8405,8492,8510,90260,9531,10433,20043,20059,90335,20264,20429,90123,90254,90272,90296,90302,90311,90350,90680,90365,90398,90429,90435,90452,90453,90477,90501,90534,90537,90550,90562,90572,90592,90625,90628,90653,90687,90695,90749,90762,90764,90771,90773,90805,90814,90941,90962,90963,90965,90966,90977,91049,91021,91026,91030,91068,91077,91091,91214,91215,91256,91275,91288,91311,91312,91318,91343,91394,91423,91431,91468,91483,91612,91660,91687,91737,91755,91775,91793,91806,92045,92031,92043,92063,92100,92191,92268,99016&title=Control+Polymorphism+T-C+at+152' target='_blank'>121</a>",
        "gbSeqsAnchor": "<a href='/cgi-bin/index_mitomap.cgi?title=Control+Polymorphism+T-C+at+rCRS+position+152&pos=152&ref=T&alt=C' target='_blank'>26466 (13405/13061)</a>",
        "positionStr": "152",
        "curatedRefsUrl": "https://mitomap.org/cgi-bin/print_ref_list?refs=1986,4,140,233,414,394,521,572,911,924,928,968,989,1739,2285,2882,3082,3311,3314,3502,3690,3779,3922,4022,4946,5348,6221,6169,6421,6432,6623,6687,8200,8405,8492,8510,90260,9531,10433,20043,20059,90335,20264,20429,90123,90254,90272,90296,90302,90311,90350,90680,90365,90398,90429,90435,90452,90453,90477,90501,90534,90537,90550,90562,90572,90592,90625,90628,90653,90687,90695,90749,90762,90764,90771,90773,90805,90814,90941,90962,90963,90965,90966,90977,91049,91021,91026,91030,91068,91077,91091,91214,91215,91256,91275,91288,91311,91312,91318,91343,91394,91423,91431,91468,91483,91612,91660,91687,91737,91755,91775,91793,91806,92045,92031,92043,92063,92100,92191,92268,99016&title=Control+Polymorphism+T-C+at+152",
        "refAllele": "T",
        "locusAnchor": "MT-OHR",
        "aminoAcidChange": null,
        "locus": null
    },
    {
        "mitoMapHost": "https://mitomap.org",
        "compactAllele": "C16565T",
        "position": 16565,
        "codonPosition": null,
        "curatedRefsCount": 1,
        "altAllele": "T",
        "gbFreqPct": 0.001,
        "codonNumber": null,
        "regionType": "CONTROL",
        "gbFreqStr": "0.000%<br>(0.001%)",
        "alleleChange": "C-T",
        "curatedRefsAnchor": "<a href='/cgi-bin/print_ref_list?refs=20180104&title=Control+Polymorphism+C-T+at+16565' target='_blank'>1</a>",
        "gbSeqsAnchor": "<a href='/cgi-bin/index_mitomap.cgi?title=Control+Polymorphism+C-T+at+rCRS+position+16565&pos=16565&ref=C&alt=T' target='_blank'>1 (0/1)</a>",
        "positionStr": "16565",
        "curatedRefsUrl": "https://mitomap.org/cgi-bin/print_ref_list?refs=20180104&title=Control+Polymorphism+C-T+at+16565",
        "refAllele": "C",
        "locusAnchor": "Control Region",
        "aminoAcidChange": null,
        "locus": null
    }
]
